[debug] [2026-07-03T04:44:38.148Z] ----------------------------------------------------------------------
[debug] [2026-07-03T04:44:38.151Z] Command:       C:\Program Files\nodejs\node.exe C:\Users\ELCOT\Documents\New folder\marketplace\functions\node_modules\firebase-tools\lib\bin\firebase.js --debug deploy --only hosting --project marketplace-store-fef91
[debug] [2026-07-03T04:44:38.151Z] CLI Version:   13.35.1
[debug] [2026-07-03T04:44:38.151Z] Platform:      win32
[debug] [2026-07-03T04:44:38.151Z] Node Version:  v24.16.0
[debug] [2026-07-03T04:44:38.151Z] Time:          Fri Jul 03 2026 10:14:38 GMT+0530 (India Standard Time)
[debug] [2026-07-03T04:44:38.151Z] ----------------------------------------------------------------------
[debug] 
[debug] [2026-07-03T04:44:38.355Z] > command requires scopes: ["email","openid","https://www.googleapis.com/auth/cloudplatformprojects.readonly","https://www.googleapis.com/auth/firebase","https://www.googleapis.com/auth/cloud-platform"]
[debug] [2026-07-03T04:44:38.356Z] > authorizing via signed-in user (gauravkumart143@gmail.com)
[debug] [2026-07-03T04:44:38.356Z] [iam] checking project marketplace-store-fef91 for permissions ["firebase.projects.get","firebasehosting.sites.update"]
[debug] [2026-07-03T04:44:38.358Z] Checked if tokens are valid: true, expires at: 1783057234812
[debug] [2026-07-03T04:44:38.359Z] Checked if tokens are valid: true, expires at: 1783057234812
[debug] [2026-07-03T04:44:38.359Z] >>> [apiv2][query] POST https://cloudresourcemanager.googleapis.com/v1/projects/marketplace-store-fef91:testIamPermissions [none]
[debug] [2026-07-03T04:44:38.360Z] >>> [apiv2][(partial)header] POST https://cloudresourcemanager.googleapis.com/v1/projects/marketplace-store-fef91:testIamPermissions x-goog-quota-user=projects/marketplace-store-fef91
[debug] [2026-07-03T04:44:38.360Z] >>> [apiv2][body] POST https://cloudresourcemanager.googleapis.com/v1/projects/marketplace-store-fef91:testIamPermissions {"permissions":["firebase.projects.get","firebasehosting.sites.update"]}
[debug] [2026-07-03T04:44:39.813Z] <<< [apiv2][status] POST https://cloudresourcemanager.googleapis.com/v1/projects/marketplace-store-fef91:testIamPermissions 200
[debug] [2026-07-03T04:44:39.813Z] <<< [apiv2][body] POST https://cloudresourcemanager.googleapis.com/v1/projects/marketplace-store-fef91:testIamPermissions {"permissions":["firebase.projects.get","firebasehosting.sites.update"]}
[debug] [2026-07-03T04:44:39.815Z] Checked if tokens are valid: true, expires at: 1783057234812
[debug] [2026-07-03T04:44:39.816Z] Checked if tokens are valid: true, expires at: 1783057234812
[debug] [2026-07-03T04:44:39.816Z] >>> [apiv2][query] GET https://firebase.googleapis.com/v1beta1/projects/marketplace-store-fef91 [none]
[debug] [2026-07-03T04:44:40.421Z] <<< [apiv2][status] GET https://firebase.googleapis.com/v1beta1/projects/marketplace-store-fef91 200
[debug] [2026-07-03T04:44:40.421Z] <<< [apiv2][body] GET https://firebase.googleapis.com/v1beta1/projects/marketplace-store-fef91 {"projectId":"marketplace-store-fef91","projectNumber":"360203367218","displayName":"Marketplace Store","name":"projects/marketplace-store-fef91","resources":{"hostingSite":"marketplace-store-fef91"},"state":"ACTIVE","labels":{"firebase":"enabled"},"etag":"1_40f686da-556b-41cc-8630-d6f441544857"}
[info] 
[info] === Deploying to 'marketplace-store-fef91'...
[info] 
[info] i  deploying hosting 
[debug] [2026-07-03T04:44:40.434Z] Checked if tokens are valid: true, expires at: 1783057234812
[debug] [2026-07-03T04:44:40.435Z] Checked if tokens are valid: true, expires at: 1783057234812
[debug] [2026-07-03T04:44:40.435Z] >>> [apiv2][query] POST https://firebasehosting.googleapis.com/v1beta1/projects/-/sites/marketplace-store-fef91/versions [none]
[debug] [2026-07-03T04:44:40.435Z] >>> [apiv2][body] POST https://firebasehosting.googleapis.com/v1beta1/projects/-/sites/marketplace-store-fef91/versions {"status":"CREATED","labels":{"deployment-tool":"cli-firebase"}}
[debug] [2026-07-03T04:44:42.690Z] <<< [apiv2][status] POST https://firebasehosting.googleapis.com/v1beta1/projects/-/sites/marketplace-store-fef91/versions 200
[debug] [2026-07-03T04:44:42.690Z] <<< [apiv2][body] POST https://firebasehosting.googleapis.com/v1beta1/projects/-/sites/marketplace-store-fef91/versions {"name":"projects/360203367218/sites/marketplace-store-fef91/versions/7c2ecfcfc6353381","status":"CREATED","config":{},"labels":{"deployment-tool":"cli-firebase"}}
[info] i  hosting[marketplace-store-fef91]: beginning deploy... 
[info] i  hosting[marketplace-store-fef91]: found 51 files in web_app 
[debug] [2026-07-03T04:44:42.723Z] [hosting] uploading with 200 concurrency
[debug] [2026-07-03T04:44:42.729Z] Checked if tokens are valid: true, expires at: 1783057234812
[debug] [2026-07-03T04:44:42.730Z] Checked if tokens are valid: true, expires at: 1783057234812
[debug] [2026-07-03T04:44:42.733Z] [hosting] hash cache [d2ViX2FwcA] stored for 51 files
[debug] [2026-07-03T04:44:42.734Z] [hosting][hash queue][FINAL] {"max":3,"min":0,"avg":0.9803921568627451,"active":0,"complete":51,"success":51,"errored":0,"retried":0,"total":51,"elapsed":8}
[debug] [2026-07-03T04:44:42.735Z] >>> [apiv2][query] POST https://firebasehosting.googleapis.com/v1beta1/projects/360203367218/sites/marketplace-store-fef91/versions/7c2ecfcfc6353381:populateFiles [none]
[debug] [2026-07-03T04:44:42.735Z] >>> [apiv2][body] POST https://firebasehosting.googleapis.com/v1beta1/projects/360203367218/sites/marketplace-store-fef91/versions/7c2ecfcfc6353381:populateFiles {"files":{"/terms.html":"f0741b97460c31460152dac606ec93c509061dc27139fcc3206f758ff2e72ace","/sw.js":"27402eb47d3ec294ec453491319fb33cc511de4181b2fe9d743fe20eb589b4f6","/styles.css":"5a4163f0217393e9caad22bb6ea30bbc2c130cb6754ff3d6b9d5a45d75e4bf48","/styles-upgraded.css":"66cd475c99fea12fb45414ae9bdf7585821641642fb8f7f2d91ade911dcb1f99","/sitemap.xml":"e0a956e9417c7c43823f5d2b69483005fa0ce067f14e89f6820b85d85d2d57c5","/server.js":"99d7bd6fc400556087a86a3b43cade238987b2f5d506c0ef1c380c426b7f29d9\r","/seller-next.js":"57c731244fadf4ef01046d31500973d06b14d2084c0f504d79323432096d4a62","/seller-next.html":"d5da0a0af40e19b01c1b5a9c0edfeff6335ab9093360d80236376bbf0f9ee364","/seller-next.css":"4cb607b1d30a4574a018f4c615931595255c7b5af944a310727d61fef179f3cb","/robots.txt":"90e6fa1ae632b23784162cab0c2bcdf52fdf9349bb30bf11fedfa393999efa23","/README.md":"1b50d5af4fc79b47dec1ed14033b624c01d0e16d7aebe6b6dd0e677c7c1697ee\r","/privacy.html":"79e05f5716dddaa5cf526a42ad0b9bd09c2c065cbccb7d49a99d447e117f6ed5","/package.json":"2e6aa818f6c374d465c424778bc2b6a9909705d12ec0251d18f68408e2a80cb1\r","/marketplace-upgrade.js":"8a370c58de71361a65816fff371fe47c39aa049eb3dfd37d9d9c325dd4ce2761","/marketplace-upgrade-styles.css":"aad9b9ec1a0360794db47a4fe8e6314eee1db5e87c8825bdc02fd1ab9531cd1a","/index.html":"ff01478089754f6b263e8fdd6f5b203c0179a095076a77ed82b1c7392ac66749","/core-integration.js":"50358da2e77ca469e2eda34026d7ddbb003bbf6bcad6c1b3f7ea147a8c24c21c","/app.js":"b8f44eebc4979cf67b890038d44b40294690dfd909a2f81d6893fe642e2a0d72","/next/index.txt":"6d783ce85d42d6233b20458124124a412fef0fff7d5e4a91420f918c63e894ce","/next/index.html":"da571de2f104d65ea4c8030eeaaa69902dbc97df966d5295d6f19cb9451b69f6","/next/404.html":"54997c62c8b51a10b6ff2ca20937462435414e6204513e39e9a1cb40b124a057","/next/_next/static/N3Cm8sJaPvjYJ0tkb1yrt/_ssgManifest.js":"6baccecbb4b5f54b1b7f48779b65a6e18006a2e17420921be6bac0db86c8f7d0","/next/_next/static/N3Cm8sJaPvjYJ0tkb1yrt/_buildManifest.js":"b7b50b96854bcbc40ab6e8bf51e9f11625752bd8ac7aed0bd0353f441f2b3134","/next/_next/static/css/54aff1de26666f99.css":"60b1cb23f010f93a6d537b6002e810debd4f3989ebbaceb67945e0a56fb61a83","/next/_next/static/chunks/webpack-7dffaa79375cca3a.js":"352ec5946453e5634867a2489b632e13b0b9f21adafb51e03c9979c3128f460e","/next/_next/static/chunks/polyfills-42372ed130431b0a.js":"18e28d3214eda45048d80d3925ea7627b809e69ad2e95f7f98459e9146a61c3d","/next/_next/static/chunks/main-b91da36d1a8073ce.js":"93c056c6d557d4326de7cc224c3a32a53d1cfe3644eac56e6a66fe97480ae67e","/next/_next/static/chunks/main-app-b4dc06ad3d15a0ef.js":"9583a3b52437a07e1b8930eda9e58bcf0a9bd288badbdf791b94594a73e0ca28","/next/_next/static/chunks/framework-f66176bb897dc684.js":"e3602f0208d127fb2a8eaf2c69fe8354025257feee8137cd0d6ff8307d228dca","/next/_next/static/chunks/fd9d1056-aa94ea5c2eabf904.js":"9c70b367a031641de4dc2b67f71bff3d383c624f60f7c1e1ec1f581fcd9eaf07","/next/_next/static/chunks/849-3f114e59ae8827c2.js":"b75e3b7b8f1cff986830cdbbd891e7b7593db519857aa4279c54d4904a30ffb7","/next/_next/static/chunks/117-3940153a4b5d44e8.js":"6474ea6c70e916b7dcb73fad5246406dbf84d28e69680d6e42c64bad0d00db24","/next/_next/static/chunks/pages/_error-7ba65e1336b92748.js":"09b35fbc854afaf76c1b75a5b3272bf936d957493d106176ade3af1047ea394e","/next/_next/static/chunks/pages/_app-72b849fbd24ac258.js":"70f6b2605c3ef9a5904ae691f9e588694f57a58e736945e9aecb6e6367333b6f","/next/_next/static/chunks/app/page-cc66ef6938467906.js":"70208c8184fd273bb2952a138cf4b5a87a3c6a8ebe3b20240b20f4949766ea67","/next/_next/static/chunks/app/layout-6f8bae13ee6cfdb1.js":"1e7b2f364584354d6bbf1621fd27b53b244d5ebe2d0ef76849d081f891580cb3","/next/_next/static/chunks/app/_not-found/page-dcb83ba3e4d0aafd.js":"352fa281f9b211b95548da735d6062efd1761d2d3a4be18e58a64174d0c283fe","/next/_next/static/chunks/app/business/[slug]/page-8cbea701a5e27dd1.js":"0b1a6462b61b02a28c4e0f260eded6d9554d995c095ee9f96bf89ac716303139","/next/_next/static/chunks/app/(dashboard)/dashboard/page-d9476e3f26fffa53.js":"dc9ed51baa8e8d6bb1f49fc52b181f602a01552b1aa79c20e3c3b728bd4405d1","/next/dashboard/index.txt":"1f38cfd11b39505fc2c15bbdaa33daf31ec0dff60fed6e95df4b6eae4773ce6c","/next/dashboard/index.html":"441ec37a79978496752aa288321eb152870c90023e49a5844360f4081c38f978","/next/business/prime-electrical-traders/index.txt":"ec5ea8f4b3474d97d6b323b515239a68f09b1f65836385ef2987fecdd3599f55","/next/business/prime-electrical-traders/index.html":"9363ddc5334f92e3156d707ffc33d3a295ae8bfe6628e8fbd45be4b7dadb1ef7","/next/business/northline-industrial-supply/index.txt":"4e7f353a31d97071dea3398781d45fb785df407a9e838d123c9c94ed9593a2ed","/next/business/northline-industrial-supply/index.html":"945b91ff7d9913cc0eb19b1a2b1a548e3f77e3dded066448b9033f14e1f95b32","/next/business/metro-cables-and-components/index.txt":"e47ed46924b2a274b3ecc8e9e99105647cbe07fbbeb8c61a01b00519fa79be13","/next/business/metro-cables-and-components/index.html":"6d19511b8811cf60e97e075817c9b98643f75ed1adcf194eda4230e43acabd19","/next/404/index.html":"54997c62c8b51a10b6ff2ca20937462435414e6204513e39e9a1cb40b124a057","/assets/toast.css":"97a5be46d6692a57d938da16cf19f1430a234745bc5ee91185e71319cff408f4","/assets/marketplace-store-logo.svg":"7366d300d236c64dfa3de1a870b2e8f808ec7377335b0f63f3affb1f1c668d8f","/assets/marketplace-store-app-icon.svg":"465c44893f27a2418a7c606850d21075d2d9fdf178e89115545324f37cc8905c"}}
[debug] [2026-07-03T04:44:43.745Z] <<< [apiv2][status] POST https://firebasehosting.googleapis.com/v1beta1/projects/360203367218/sites/marketplace-store-fef91/versions/7c2ecfcfc6353381:populateFiles 200
[debug] [2026-07-03T04:44:43.745Z] <<< [apiv2][body] POST https://firebasehosting.googleapis.com/v1beta1/projects/360203367218/sites/marketplace-store-fef91/versions/7c2ecfcfc6353381:populateFiles {"uploadUrl":"https://upload-firebasehosting.googleapis.com/upload/sites/marketplace-store-fef91/versions/7c2ecfcfc6353381/files"}
[debug] [2026-07-03T04:44:43.746Z] [hosting][populate queue][FINAL] {"max":1017,"min":1017,"avg":1017,"active":0,"complete":1,"success":1,"errored":0,"retried":0,"total":1,"elapsed":1017}
[debug] [2026-07-03T04:44:43.746Z] [hosting] uploads queued: 0
[debug] [2026-07-03T04:44:43.746Z] [hosting][upload queue][FINAL] {"max":0,"min":9999999999,"avg":0,"active":0,"complete":0,"success":0,"errored":0,"retried":0,"total":0,"elapsed":1783053883746}
[info] i  hosting: upload complete 
[info] +  hosting[marketplace-store-fef91]: file upload complete 
[debug] [2026-07-03T04:44:43.749Z] [hosting] deploy completed after 1057ms
[debug] [2026-07-03T04:44:43.749Z] [
  {
    "config": {
      "public": "web_app",
      "ignore": [
        "firebase.json",
        "**/.*",
        "**/node_modules/**"
      ],
      "headers": [
        {
          "source": "**",
          "headers": [
            {
              "key": "X-Content-Type-Options",
              "value": "nosniff"
            },
            {
              "key": "X-Frame-Options",
              "value": "DENY"
            },
            {
              "key": "Referrer-Policy",
              "value": "strict-origin-when-cross-origin"
            },
            {
              "key": "Permissions-Policy",
              "value": "camera=(), microphone=(), geolocation=()"
            },
            {
              "key": "Strict-Transport-Security",
              "value": "max-age=31536000; includeSubDomains; preload"
            },
            {
              "key": "Content-Security-Policy",
              "value": "default-src 'self'; base-uri 'self'; object-src 'none'; frame-ancestors 'none'; script-src 'self' 'unsafe-inline' https://accounts.google.com https://apis.google.com https://www.gstatic.com https://www.google.com https://www.googletagmanager.com; connect-src 'self' https://*.googleapis.com https://*.firebaseio.com https://*.google.com; img-src 'self' data: https:; style-src 'self' 'unsafe-inline' https://fonts.googleapis.com; font-src 'self' https://fonts.gstatic.com data:; frame-src https://www.google.com https://recaptcha.google.com; form-action 'self'; upgrade-insecure-requests"
            },
            {
              "key": "Content-Security-Policy-Report-Only",
              "value": "require-trusted-types-for 'script'; trusted-types default dompurify"
            },
            {
              "key": "Cross-Origin-Embedder-Policy",
              "value": "require-corp"
            },
            {
              "key": "Cross-Origin-Opener-Policy",
              "value": "same-origin"
            },
            {
              "key": "Cross-Origin-Resource-Policy",
              "value": "same-origin"
            },
            {
              "key": "X-DNS-Prefetch-Control",
              "value": "off"
            }
          ]
        }
      ],
      "rewrites": [
        {
          "source": "/api/**",
          "function": {
            "functionId": "api"
          }
        },
        {
          "source": "/next",
          "destination": "/next/index.html"
        },
        {
          "source": "/next/**",
          "destination": "/next/index.html"
        },
        {
          "source": "**",
          "destination": "/index.html"
        }
      ],
      "redirects": [
        {
          "source": "/old-path",
          "destination": "/new-path",
          "type": 301
        }
      ],
      "site": "marketplace-store-fef91"
    },
    "version": "projects/360203367218/sites/marketplace-store-fef91/versions/7c2ecfcfc6353381"
  }
]
[info] i  hosting[marketplace-store-fef91]: finalizing version... 
[debug] [2026-07-03T04:44:43.751Z] Checked if tokens are valid: true, expires at: 1783057234812
[debug] [2026-07-03T04:44:43.751Z] Checked if tokens are valid: true, expires at: 1783057234812
[debug] [2026-07-03T04:44:43.752Z] >>> [apiv2][query] GET https://cloudfunctions.googleapis.com/v1/projects/marketplace-store-fef91/locations/-/functions [none]
[debug] [2026-07-03T04:44:44.707Z] <<< [apiv2][status] GET https://cloudfunctions.googleapis.com/v1/projects/marketplace-store-fef91/locations/-/functions 200
[debug] [2026-07-03T04:44:44.707Z] <<< [apiv2][body] GET https://cloudfunctions.googleapis.com/v1/projects/marketplace-store-fef91/locations/-/functions {"functions":[{"name":"projects/marketplace-store-fef91/locations/us-central1/functions/api","httpsTrigger":{"url":"https://us-central1-marketplace-store-fef91.cloudfunctions.net/api","securityLevel":"SECURE_ALWAYS"},"status":"ACTIVE","entryPoint":"api","timeout":"60s","availableMemoryMb":256,"serviceAccountEmail":"marketplace-store-fef91@appspot.gserviceaccount.com","updateTime":"2026-07-02T01:13:42.200Z","versionId":"31","labels":{"deployment-tool":"cli-firebase","firebase-functions-hash":"7e6e3579538fef88bb83e426d9fa47261b5cc50b"},"sourceUploadUrl":"https://storage.googleapis.com/uploads-843983610854.us-central1.cloudfunctions.appspot.com/d75e7646-f5b2-426c-9a9b-79b2e4934588.zip","environmentVariables":{"GOOGLE_CLIENT_ID":"360203367218-rr0ttluo501ph5ghi5okjp4d4vqcc832.apps.googleusercontent.com","USE_FIREBASE_PHONE_AUTH":"true","SMTP_HOST":"","SMTP_PORT":"587","SMTP_USER":"","SMTP_PASS":"","SMTP_FROM":"","TWILIO_ACCOUNT_SID":"","TWILIO_AUTH_TOKEN":"","TWILIO_FROM_PHONE":"","GA4_MEASUREMENT_ID":"","RECAPTCHA_SITE_KEY":"6LeKAUAtAAAAADildvEO4seiMOu3oS3Fnh8kS18X","RECAPTCHA_SECRET_KEY":"","RECAPTCHA_MIN_SCORE":"0.5","RECAPTCHA_ENFORCE":"false","FIREBASE_CONFIG":"{\"projectId\":\"marketplace-store-fef91\",\"storageBucket\":\"marketplace-store-fef91.firebasestorage.app\"}","GCLOUD_PROJECT":"marketplace-store-fef91","EVENTARC_CLOUD_EVENT_SOURCE":"projects/marketplace-store-fef91/locations/us-central1/functions/api"},"runtime":"nodejs20","ingressSettings":"ALLOW_ALL","buildId":"a2d30a21-07dc-4c6f-aec3-d0348872c120","buildEnvironmentVariables":{"GOOGLE_NODE_RUN_SCRIPTS":""},"buildName":"projects/360203367218/locations/us-central1/builds/a2d30a21-07dc-4c6f-aec3-d0348872c120","dockerRegistry":"ARTIFACT_REGISTRY","automaticUpdatePolicy":{},"buildServiceAccount":"projects/marketplace-store-fef91/serviceAccounts/360203367218-compute@developer.gserviceaccount.com","satisfiesPzi":true}]}
[debug] [2026-07-03T04:44:44.708Z] Checked if tokens are valid: true, expires at: 1783057234812
[debug] [2026-07-03T04:44:44.709Z] Checked if tokens are valid: true, expires at: 1783057234812
[debug] [2026-07-03T04:44:44.709Z] >>> [apiv2][query] GET https://cloudfunctions.googleapis.com/v2/projects/marketplace-store-fef91/locations/-/functions filter=environment%3D%22GEN_2%22
[debug] [2026-07-03T04:44:46.384Z] <<< [apiv2][status] GET https://cloudfunctions.googleapis.com/v2/projects/marketplace-store-fef91/locations/-/functions 200
[debug] [2026-07-03T04:44:46.384Z] <<< [apiv2][body] GET https://cloudfunctions.googleapis.com/v2/projects/marketplace-store-fef91/locations/-/functions {}
[debug] [2026-07-03T04:44:46.386Z] Checked if tokens are valid: true, expires at: 1783057234812
[debug] [2026-07-03T04:44:46.387Z] Checked if tokens are valid: true, expires at: 1783057234812
[debug] [2026-07-03T04:44:46.387Z] >>> [apiv2][query] PATCH https://firebasehosting.googleapis.com/v1beta1/projects/-/sites/marketplace-store-fef91/versions/7c2ecfcfc6353381 updateMask=status%2Cconfig
[debug] [2026-07-03T04:44:46.387Z] >>> [apiv2][body] PATCH https://firebasehosting.googleapis.com/v1beta1/projects/-/sites/marketplace-store-fef91/versions/7c2ecfcfc6353381 {"status":"FINALIZED","config":{"rewrites":[{"glob":"/api/**","function":"api","functionRegion":"us-central1"},{"glob":"/next","path":"/next/index.html"},{"glob":"/next/**","path":"/next/index.html"},{"glob":"**","path":"/index.html"}],"redirects":[{"glob":"/old-path","location":"/new-path","statusCode":301}],"headers":[{"glob":"**","headers":{"X-Content-Type-Options":"nosniff","X-Frame-Options":"DENY","Referrer-Policy":"strict-origin-when-cross-origin","Permissions-Policy":"camera=(), microphone=(), geolocation=()","Strict-Transport-Security":"max-age=31536000; includeSubDomains; preload","Content-Security-Policy":"default-src 'self'; base-uri 'self'; object-src 'none'; frame-ancestors 'none'; script-src 'self' 'unsafe-inline' https://accounts.google.com https://apis.google.com https://www.gstatic.com https://www.google.com https://www.googletagmanager.com; connect-src 'self' https://*.googleapis.com https://*.firebaseio.com https://*.google.com; img-src 'self' data: https:; style-src 'self' 'unsafe-inline' https://fonts.googleapis.com; font-src 'self' https://fonts.gstatic.com data:; frame-src https://www.google.com https://recaptcha.google.com; form-action 'self'; upgrade-insecure-requests","Content-Security-Policy-Report-Only":"require-trusted-types-for 'script'; trusted-types default dompurify","Cross-Origin-Embedder-Policy":"require-corp","Cross-Origin-Opener-Policy":"same-origin","Cross-Origin-Resource-Policy":"same-origin","X-DNS-Prefetch-Control":"off"}}]}}
[debug] [2026-07-03T04:44:47.244Z] <<< [apiv2][status] PATCH https://firebasehosting.googleapis.com/v1beta1/projects/-/sites/marketplace-store-fef91/versions/7c2ecfcfc6353381 200
[debug] [2026-07-03T04:44:47.245Z] <<< [apiv2][body] PATCH https://firebasehosting.googleapis.com/v1beta1/projects/-/sites/marketplace-store-fef91/versions/7c2ecfcfc6353381 {"name":"projects/360203367218/sites/marketplace-store-fef91/versions/7c2ecfcfc6353381","status":"FINALIZED","config":{"headers":[{"headers":{"Cross-Origin-Resource-Policy":"same-origin","X-Frame-Options":"DENY","Strict-Transport-Security":"max-age=31536000; includeSubDomains; preload","Referrer-Policy":"strict-origin-when-cross-origin","Permissions-Policy":"camera=(), microphone=(), geolocation=()","X-Content-Type-Options":"nosniff","X-DNS-Prefetch-Control":"off","Content-Security-Policy-Report-Only":"require-trusted-types-for 'script'; trusted-types default dompurify","Cross-Origin-Embedder-Policy":"require-corp","Content-Security-Policy":"default-src 'self'; base-uri 'self'; object-src 'none'; frame-ancestors 'none'; script-src 'self' 'unsafe-inline' https://accounts.google.com https://apis.google.com https://www.gstatic.com https://www.google.com https://www.googletagmanager.com; connect-src 'self' https://*.googleapis.com https://*.firebaseio.com https://*.google.com; img-src 'self' data: https:; style-src 'self' 'unsafe-inline' https://fonts.googleapis.com; font-src 'self' https://fonts.gstatic.com data:; frame-src https://www.google.com https://recaptcha.google.com; form-action 'self'; upgrade-insecure-requests","Cross-Origin-Opener-Policy":"same-origin"},"glob":"**"}],"redirects":[{"statusCode":301,"location":"/new-path","glob":"/old-path"}],"rewrites":[{"functionRegion":"us-central1","glob":"/api/**","function":"api"},{"glob":"/next","path":"/next/index.html"},{"glob":"/next/**","path":"/next/index.html"},{"glob":"**","path":"/index.html"}]},"labels":{"deployment-tool":"cli-firebase"},"createTime":"2026-07-03T04:44:40.076251Z","createUser":{"email":"gauravkumart143@gmail.com"},"finalizeTime":"2026-07-03T04:44:45.629577Z","finalizeUser":{"email":"gauravkumart143@gmail.com"}}
[debug] [2026-07-03T04:44:47.245Z] [hosting] finalized version for marketplace-store-fef91:[object Object]
[info] +  hosting[marketplace-store-fef91]: version finalized 
[info] i  hosting[marketplace-store-fef91]: releasing new version... 
[debug] [2026-07-03T04:44:47.246Z] Checked if tokens are valid: true, expires at: 1783057234812
[debug] [2026-07-03T04:44:47.246Z] Checked if tokens are valid: true, expires at: 1783057234812
[debug] [2026-07-03T04:44:47.246Z] >>> [apiv2][query] POST https://firebasehosting.googleapis.com/v1beta1/projects/-/sites/marketplace-store-fef91/channels/live/releases versionName=projects%2F360203367218%2Fsites%2Fmarketplace-store-fef91%2Fversions%2F7c2ecfcfc6353381
[debug] [2026-07-03T04:44:47.246Z] >>> [apiv2][body] POST https://firebasehosting.googleapis.com/v1beta1/projects/-/sites/marketplace-store-fef91/channels/live/releases {}
[debug] [2026-07-03T04:44:48.379Z] <<< [apiv2][status] POST https://firebasehosting.googleapis.com/v1beta1/projects/-/sites/marketplace-store-fef91/channels/live/releases 200
[debug] [2026-07-03T04:44:48.379Z] <<< [apiv2][body] POST https://firebasehosting.googleapis.com/v1beta1/projects/-/sites/marketplace-store-fef91/channels/live/releases {"name":"projects/360203367218/sites/marketplace-store-fef91/channels/live/releases/1783053886030000","version":{"name":"projects/360203367218/sites/marketplace-store-fef91/versions/7c2ecfcfc6353381","status":"FINALIZED","config":{"headers":[{"headers":{"Content-Security-Policy":"default-src 'self'; base-uri 'self'; object-src 'none'; frame-ancestors 'none'; script-src 'self' 'unsafe-inline' https://accounts.google.com https://apis.google.com https://www.gstatic.com https://www.google.com https://www.googletagmanager.com; connect-src 'self' https://*.googleapis.com https://*.firebaseio.com https://*.google.com; img-src 'self' data: https:; style-src 'self' 'unsafe-inline' https://fonts.googleapis.com; font-src 'self' https://fonts.gstatic.com data:; frame-src https://www.google.com https://recaptcha.google.com; form-action 'self'; upgrade-insecure-requests","Cross-Origin-Opener-Policy":"same-origin","X-Content-Type-Options":"nosniff","Cross-Origin-Resource-Policy":"same-origin","Content-Security-Policy-Report-Only":"require-trusted-types-for 'script'; trusted-types default dompurify","Referrer-Policy":"strict-origin-when-cross-origin","Permissions-Policy":"camera=(), microphone=(), geolocation=()","X-DNS-Prefetch-Control":"off","X-Frame-Options":"DENY","Strict-Transport-Security":"max-age=31536000; includeSubDomains; preload","Cross-Origin-Embedder-Policy":"require-corp"},"glob":"**"}],"redirects":[{"statusCode":301,"location":"/new-path","glob":"/old-path"}],"rewrites":[{"functionRegion":"us-central1","glob":"/api/**","function":"api"},{"glob":"/next","path":"/next/index.html"},{"glob":"/next/**","path":"/next/index.html"},{"glob":"**","path":"/index.html"}]},"labels":{"deployment-tool":"cli-firebase"},"createTime":"2026-07-03T04:44:40.076251Z","createUser":{"email":"gauravkumart143@gmail.com","imageUrl":"https://lh3.googleusercontent.com/a/ACg8ocJJ8nVHMFYSa4CW7Z8uIoUCuUITn6TkvzzvkqOgMyOMJlRR63-usg"},"finalizeTime":"2026-07-03T04:44:45.629577Z","finalizeUser":{"email":"gauravkumart143@gmail.com","imageUrl":"https://lh3.googleusercontent.com/a/ACg8ocJJ8nVHMFYSa4CW7Z8uIoUCuUITn6TkvzzvkqOgMyOMJlRR63-usg"}},"type":"DEPLOY","releaseTime":"2026-07-03T04:44:46.030Z","releaseUser":{"email":"gauravkumart143@gmail.com","imageUrl":"https://lh3.googleusercontent.com/a/ACg8ocJJ8nVHMFYSa4CW7Z8uIoUCuUITn6TkvzzvkqOgMyOMJlRR63-usg"}}
[debug] [2026-07-03T04:44:48.379Z] [hosting] release: {"name":"projects/360203367218/sites/marketplace-store-fef91/channels/live/releases/1783053886030000","version":{"name":"projects/360203367218/sites/marketplace-store-fef91/versions/7c2ecfcfc6353381","status":"FINALIZED","config":{"headers":[{"headers":{"Content-Security-Policy":"default-src 'self'; base-uri 'self'; object-src 'none'; frame-ancestors 'none'; script-src 'self' 'unsafe-inline' https://accounts.google.com https://apis.google.com https://www.gstatic.com https://www.google.com https://www.googletagmanager.com; connect-src 'self' https://*.googleapis.com https://*.firebaseio.com https://*.google.com; img-src 'self' data: https:; style-src 'self' 'unsafe-inline' https://fonts.googleapis.com; font-src 'self' https://fonts.gstatic.com data:; frame-src https://www.google.com https://recaptcha.google.com; form-action 'self'; upgrade-insecure-requests","Cross-Origin-Opener-Policy":"same-origin","X-Content-Type-Options":"nosniff","Cross-Origin-Resource-Policy":"same-origin","Content-Security-Policy-Report-Only":"require-trusted-types-for 'script'; trusted-types default dompurify","Referrer-Policy":"strict-origin-when-cross-origin","Permissions-Policy":"camera=(), microphone=(), geolocation=()","X-DNS-Prefetch-Control":"off","X-Frame-Options":"DENY","Strict-Transport-Security":"max-age=31536000; includeSubDomains; preload","Cross-Origin-Embedder-Policy":"require-corp"},"glob":"**"}],"redirects":[{"statusCode":301,"location":"/new-path","glob":"/old-path"}],"rewrites":[{"functionRegion":"us-central1","glob":"/api/**","function":"api"},{"glob":"/next","path":"/next/index.html"},{"glob":"/next/**","path":"/next/index.html"},{"glob":"**","path":"/index.html"}]},"labels":{"deployment-tool":"cli-firebase"},"createTime":"2026-07-03T04:44:40.076251Z","createUser":{"email":"gauravkumart143@gmail.com","imageUrl":"https://lh3.googleusercontent.com/a/ACg8ocJJ8nVHMFYSa4CW7Z8uIoUCuUITn6TkvzzvkqOgMyOMJlRR63-usg"},"finalizeTime":"2026-07-03T04:44:45.629577Z","finalizeUser":{"email":"gauravkumart143@gmail.com","imageUrl":"https://lh3.googleusercontent.com/a/ACg8ocJJ8nVHMFYSa4CW7Z8uIoUCuUITn6TkvzzvkqOgMyOMJlRR63-usg"}},"type":"DEPLOY","releaseTime":"2026-07-03T04:44:46.030Z","releaseUser":{"email":"gauravkumart143@gmail.com","imageUrl":"https://lh3.googleusercontent.com/a/ACg8ocJJ8nVHMFYSa4CW7Z8uIoUCuUITn6TkvzzvkqOgMyOMJlRR63-usg"}}
[info] +  hosting[marketplace-store-fef91]: release complete 
[info] 
[info] +  Deploy complete! 
[info] 
[info] Project Console: https://console.firebase.google.com/project/marketplace-store-fef91/overview
[info] Hosting URL: https://marketplace-store-fef91.web.app
[debug] [2026-07-03T17:45:36.133Z] ----------------------------------------------------------------------
[debug] [2026-07-03T17:45:36.136Z] Command:       C:\Program Files\nodejs\node.exe C:\Users\ELCOT\AppData\Roaming\npm\node_modules\firebase-tools\lib\bin\firebase.js deploy --only hosting
[debug] [2026-07-03T17:45:36.137Z] CLI Version:   15.22.1
[debug] [2026-07-03T17:45:36.137Z] Platform:      win32
[debug] [2026-07-03T17:45:36.137Z] Node Version:  v24.16.0
[debug] [2026-07-03T17:45:36.137Z] Detected Agent: antigravity
[debug] [2026-07-03T17:45:36.138Z] Time:          Fri Jul 03 2026 23:15:36 GMT+0530 (India Standard Time)
[debug] [2026-07-03T17:45:36.138Z] ----------------------------------------------------------------------
[debug] 
[debug] [2026-07-03T17:45:46.675Z] Error: Timed out.
    at Timeout._onTimeout (C:\Users\ELCOT\AppData\Roaming\npm\node_modules\firebase-tools\lib\utils.js:313:49)
    at listOnTimeout (node:internal/timers:605:17)
    at process.processTimers (node:internal/timers:541:7)
[error] 
[error] Error: An unexpected error has occurred.
